[websitedemos.net/bestselling-author-02/index6195.html]
[backblue.gif]
[fade.gif]
[index.html]
[websitedemos.net/bestselling-author-02/wp-content/themes/astra/assets/css/minified/main.mine32e.css]
[websitedemos.net/bestselling-author-02/wp-content/themes/astra/assets/css/minified/menu-animation.mine32e.css]
[websitedemos.net/bestselling-author-02/wp-content/plugins/header-footer-elementor/inc/widgets-css/frontend16b9.css]
[websitedemos.net/bestselling-author-02/wp-content/plugins/header-footer-elementor/assets/css/header-footer-elementor16b9.css]
[websitedemos.net/bestselling-author-02/index.html]
[websitedemos.net/bestselling-author-02/wp-content/plugins/elementor/assets/lib/eicons/css/elementor-icons.mine085.css]
[websitedemos.net/bestselling-author-02/feed/index.html]
[websitedemos.net/bestselling-author-02/wp-content/plugins/elementor/assets/css/frontend.min20c8.css]
[websitedemos.net/bestselling-author-02/wp-content/uploads/sites/773/elementor/css/post-5f469.css]
[websitedemos.net/bestselling-author-02/comments/feed/index.html]
[websitedemos.net/bestselling-author-02/wp-content/plugins/astra-sites-showcase/assets/css/blocks18f6.css]
[websitedemos.net/bestselling-author-02/wp-content/plugins/elementor/assets/css/widget-heading.min20c8.css]
[websitedemos.net/bestselling-author-02/wp-content/plugins/elementor/assets/css/widget-image.min20c8.css]
[websitedemos.net/bestselling-author-02/wp-content/plugins/elementor/assets/css/widget-counter.min20c8.css]
[websitedemos.net/bestselling-author-02/wp-content/plugins/elementor/assets/css/widget-icon-box.min20c8.css]
[websitedemos.net/bestselling-author-02/wp-content/uploads/sites/773/elementor/css/post-1008fd.css]
[websitedemos.net/bestselling-author-02/wp-content/uploads/sites/773/elementor/css/post-66195c0.css]
[websitedemos.net/bestselling-author-02/wp-content/plugins/elementor/assets/lib/eicons/css/elementor-icons.min705c.css]
[websitedemos.net/bestselling-author-02/wp-content/plugins/elementor/assets/css/widget-icon-list.min44b4.css]
[websitedemos.net/bestselling-author-02/wp-content/plugins/elementor/assets/css/widget-social-icons.min2401.css]
[websitedemos.net/bestselling-author-02/wp-content/plugins/elementor/assets/lib/font-awesome/css/brands52d5.css]
[websitedemos.net/bestselling-author-02/wp-content/plugins/elementor/assets/lib/font-awesome/css/fontawesome52d5.css]
[websitedemos.net/bestselling-author-02/wp-content/plugins/elementor/assets/lib/font-awesome/css/solid52d5.css]
[websitedemos.net/bestselling-author-02/wp-content/uploads/sites/773/elementor/google-fonts/css/roboto7f2d.css]
[websitedemos.net/bestselling-author-02/wp-content/uploads/sites/773/elementor/google-fonts/css/robotoslab4eef.css]
[websitedemos.net/bestselling-author-02/wp-content/uploads/sites/773/elementor/google-fonts/css/dmserifdisplay2b01.css]
[websitedemos.net/bestselling-author-02/wp-content/plugins/elementor/assets/lib/font-awesome/css/fontawesome.min52d5.css]
[websitedemos.net/bestselling-author-02/wp-content/plugins/elementor/assets/lib/font-awesome/css/solid.min52d5.css]
[websitedemos.net/bestselling-author-02/wp-includes/js/jquery/jquery.minf43b.js]
[websitedemos.net/bestselling-author-02/wp-includes/js/jquery/jquery-migrate.min5589.js]
[websitedemos.net/bestselling-author-02/wp-includes/js/dist/dom-ready.min5346.js]
[websitedemos.net/bestselling-author-02/wp-includes/js/dist/vendor/wp-polyfill.min2c7c.js]
[websitedemos.net/bestselling-author-02/wp-includes/js/dist/url.mind63a.js]
[websitedemos.net/bestselling-author-02/wp-content/plugins/astra-sites-server/dist/template-preview/mainace1.js]
[websitedemos.net/bestselling-author-02/wp-json/wp/v2/pages/10.json]
[websitedemos.net/bestselling-author-02/xmlrpc0db0.php]
[websitedemos.net/bestselling-author-02/wp-json/index.html]
[websitedemos.net/bestselling-author-02/wp-json/oembed/1.0/embedb936.json]
[websitedemos.net/bestselling-author-02/wp-json/oembed/1.0/embed3996]
[websitedemos.net/bestselling-author-02/wp-content/uploads/sites/773/2021/02/cropped-site-favicon-32x32.png]
[websitedemos.net/bestselling-author-02/wp-content/uploads/sites/773/2021/02/cropped-site-favicon-192x192.png]
[websitedemos.net/bestselling-author-02/wp-content/uploads/sites/773/2021/02/cropped-site-favicon-180x180.png]
[websitedemos.net/bestselling-author-02/wp-content/uploads/sites/773/2021/02/site-logo-black.svg]
[websitedemos.net/bestselling-author-02/wp-content/uploads/sites/773/2021/02/logo-3.svg]
[websitedemos.net/bestselling-author-02/wp-content/uploads/sites/773/2021/02/logo-1.svg]
[websitedemos.net/bestselling-author-02/wp-content/uploads/sites/773/2021/02/logo-5.svg]
[websitedemos.net/bestselling-author-02/wp-content/uploads/sites/773/2021/02/hero-book-cover.jpg]
[websitedemos.net/bestselling-author-02/wp-content/uploads/sites/773/2021/02/badge-3.svg]
[websitedemos.net/bestselling-author-02/wp-content/uploads/sites/773/2021/02/badge-2.svg]
[websitedemos.net/bestselling-author-02/wp-content/uploads/sites/773/2021/02/badge-1.svg]
[websitedemos.net/bestselling-author-02/about/index.html]
[websitedemos.net/bestselling-author-02/wp-content/uploads/sites/773/2021/02/book-cover-1.jpg]
[websitedemos.net/bestselling-author-02/wp-content/uploads/sites/773/2021/02/book-cover-2.jpg]
[websitedemos.net/bestselling-author-02/wp-content/uploads/sites/773/2021/02/book-cover-3.jpg]
[websitedemos.net/bestselling-author-02/wp-content/uploads/sites/773/2021/02/signature.svg]
[websitedemos.net/bestselling-author-02/wp-content/uploads/sites/773/2021/02/writer-template-book-signing.jpg]
[websitedemos.net/bestselling-author-02/wp-content/plugins/wpforms-lite/assets/css/frontend/classic/wpforms-base.mine4b2.css]
[websitedemos.net/bestselling-author-02/wp-content/themes/astra/assets/js/minified/frontend.mine32e.js]
[websitedemos.net/bestselling-author-02/wp-content/plugins/elementor/assets/js/webpack.runtime.min20c8.js]
[websitedemos.net/bestselling-author-02/books/index.html]
[websitedemos.net/bestselling-author-02/contact/index.html]
[websitedemos.net/bestselling-author-02/wp-content/plugins/elementor/assets/js/frontend-modules.min20c8.js]
[websitedemos.net/bestselling-author-02/wp-includes/js/jquery/ui/core.minb37e.js]
[websitedemos.net/bestselling-author-02/wp-content/plugins/elementor/assets/js/frontend.min20c8.js]
[websitedemos.net/bestselling-author-02/wp-content/plugins/elementor/assets/lib/jquery-numerator/jquery-numerator.min3958.js]
[websitedemos.net/bestselling-author-02/wp-content/plugins/astra-pro-sites/inc/lib/onboarding/assets/dist/template-preview/maina11c.js]
[websitedemos.net/bestselling-author-02/wp-includes/js/dist/vendor/react.mine1ab.js]
[websitedemos.net/bestselling-author-02/wp-includes/js/dist/vendor/react-dom.mine1ab.js]
[websitedemos.net/bestselling-author-02/wp-includes/js/dist/escape-html.min3a9d.js]
[websitedemos.net/bestselling-author-02/wp-includes/js/dist/element.minfa0f.js]
[websitedemos.net/bestselling-author-02/wp-includes/js/dist/hooks.min4fdd.js]
[websitedemos.net/bestselling-author-02/wp-includes/js/dist/i18n.minc33c.js]
[websitedemos.net/bestselling-author-02/wp-content/plugins/astra-sites-server/admin/showcase-cta/switcher/dist/main1086.js]
[websitedemos.net/bestselling-author-02/wp-includes/js/underscore.min3ab8.js]
[websitedemos.net/bestselling-author-02/wp-includes/js/wp-util.min32d4.js]
[websitedemos.net/bestselling-author-02/wp-content/plugins/wpforms-lite/assets/js/frontend/wpforms.mine4b2.js]
[websitedemos.net/bestselling-author-02/wp-content/plugins/wpforms-lite/assets/js/integrations/elementor/frontend.mine4b2.js]
[websitedemos.net/bestselling-author-02/wp-content/plugins/wpforms-lite/assets/lib/jquery.validate.min3c17.js]
[websitedemos.net/bestselling-author-02/wp-content/plugins/wpforms-lite/assets/lib/mailcheck.mincfa9.js]
[websitedemos.net/bestselling-author-02/wp-content/plugins/wpforms-lite/assets/lib/punycode.min8a54.js]
[websitedemos.net/bestselling-author-02/wp-content/plugins/wpforms-lite/assets/js/share/utils.mine4b2.js]
[websitedemos.net/bestselling-author-02/index6195.html]
[websitedemos.net/bestselling-author-02/index.html]
[websitedemos.net/bestselling-author-02/wp-content/themes/astra/assets/css/minified/main.mine32e.css]
[websitedemos.net/bestselling-author-02/wp-content/themes/astra/assets/css/minified/menu-animation.mine32e.css]
[websitedemos.net/bestselling-author-02/wp-content/plugins/header-footer-elementor/inc/widgets-css/frontend16b9.css]
[websitedemos.net/bestselling-author-02/wp-content/plugins/header-footer-elementor/assets/css/header-footer-elementor16b9.css]
[websitedemos.net/bestselling-author-02/wp-content/plugins/wpforms-lite/assets/js/frontend/fields/address.mine4b2.js]
[websitedemos.net/bestselling-author-02/wp-content/plugins/elementor/assets/lib/eicons/fonts/eicons7241.eot]
[websitedemos.net/bestselling-author-02/wp-content/plugins/elementor/assets/lib/eicons/fonts/eicons7241.woff2]
[websitedemos.net/bestselling-author-02/wp-content/plugins/elementor/assets/lib/eicons/fonts/eicons7241.woff]
[websitedemos.net/bestselling-author-02/wp-content/plugins/elementor/assets/lib/eicons/fonts/eicons7241.ttf]
[websitedemos.net/bestselling-author-02/wp-content/plugins/elementor/assets/lib/eicons/css/elementor-icons.mine085.css]
[websitedemos.net/bestselling-author-02/wp-content/plugins/elementor/assets/css/frontend.min20c8.css]
[websitedemos.net/bestselling-author-02/wp-content/uploads/sites/773/elementor/css/post-5f469.css]
[websitedemos.net/bestselling-author-02/wp-content/plugins/astra-sites-showcase/assets/css/blocks18f6.css]
[websitedemos.net/bestselling-author-02/wp-content/plugins/elementor/assets/css/widget-heading.min20c8.css]
[websitedemos.net/bestselling-author-02/wp-content/plugins/elementor/assets/css/widget-image.min20c8.css]
[websitedemos.net/bestselling-author-02/wp-content/plugins/elementor/assets/css/widget-counter.min20c8.css]
[websitedemos.net/bestselling-author-02/wp-content/plugins/elementor/assets/css/widget-icon-box.min20c8.css]
[websitedemos.net/bestselling-author-02/wp-content/plugins/elementor/assets/lib/eicons/fonts/eicons7241.svg]
[websitedemos.net/bestselling-author-02/wp-content/uploads/sites/773/2021/02/hero-img-bg.jpg]
[websitedemos.net/bestselling-author-02/wp-content/uploads/sites/773/2021/02/writer-template-woman-figure.jpg]
[websitedemos.net/bestselling-author-02/wp-content/uploads/sites/773/2021/02/writer-author-template-quote-img-bg.jpg]
[websitedemos.net/bestselling-author-02/wp-content/uploads/sites/773/elementor/css/post-1008fd.css]
[websitedemos.net/bestselling-author-02/wp-content/uploads/sites/773/elementor/css/post-66195c0.css]
[websitedemos.net/bestselling-author-02/wp-content/plugins/elementor/assets/lib/eicons/css/elementor-icons.min705c.css]
[websitedemos.net/bestselling-author-02/wp-content/plugins/elementor/assets/css/widget-icon-list.min44b4.css]
[websitedemos.net/bestselling-author-02/wp-content/plugins/elementor/assets/css/widget-social-icons.min2401.css]
[websitedemos.net/bestselling-author-02/wp-content/plugins/elementor/assets/lib/font-awesome/webfonts/fa-brands-400.eot]
[websitedemos.net/bestselling-author-02/wp-content/plugins/elementor/assets/lib/font-awesome/webfonts/fa-brands-400d41d.eot]
[websitedemos.net/bestselling-author-02/wp-content/plugins/elementor/assets/lib/font-awesome/webfonts/fa-brands-400.woff2]
[websitedemos.net/bestselling-author-02/wp-content/plugins/elementor/assets/lib/font-awesome/webfonts/fa-brands-400.woff]
[websitedemos.net/bestselling-author-02/wp-content/plugins/elementor/assets/lib/font-awesome/webfonts/fa-brands-400.ttf]
[websitedemos.net/bestselling-author-02/wp-content/plugins/elementor/assets/lib/font-awesome/css/brands52d5.css]
[websitedemos.net/bestselling-author-02/wp-content/plugins/elementor/assets/lib/font-awesome/css/fontawesome52d5.css]
[websitedemos.net/bestselling-author-02/wp-content/plugins/elementor/assets/lib/font-awesome/webfonts/fa-brands-400.svg]
[websitedemos.net/bestselling-author-02/wp-content/plugins/elementor/assets/lib/font-awesome/webfonts/fa-solid-900.eot]
[websitedemos.net/bestselling-author-02/wp-content/plugins/elementor/assets/lib/font-awesome/webfonts/fa-solid-900d41d.eot]
[websitedemos.net/bestselling-author-02/wp-content/plugins/elementor/assets/lib/font-awesome/webfonts/fa-solid-900.woff2]
[websitedemos.net/bestselling-author-02/wp-content/plugins/elementor/assets/lib/font-awesome/webfonts/fa-solid-900.woff]
[websitedemos.net/bestselling-author-02/wp-content/plugins/elementor/assets/lib/font-awesome/webfonts/fa-solid-900.ttf]
[websitedemos.net/bestselling-author-02/wp-content/plugins/elementor/assets/lib/font-awesome/css/solid52d5.css]
[websitedemos.net/bestselling-author-02/wp-content/plugins/elementor/assets/lib/font-awesome/webfonts/fa-solid-900.svg]
[websitedemos.net/bestselling-author-02/wp-content/uploads/sites/773/elementor/google-fonts/fonts/roboto-kfo5cnqeu92fr1mu53zec9_vu3r1gihoszmkc3kawzu.woff2]
[websitedemos.net/bestselling-author-02/wp-content/uploads/sites/773/elementor/google-fonts/fonts/roboto-kfo5cnqeu92fr1mu53zec9_vu3r1gihoszmkankawzu.woff2]
[websitedemos.net/bestselling-author-02/wp-content/uploads/sites/773/elementor/google-fonts/fonts/roboto-kfo5cnqeu92fr1mu53zec9_vu3r1gihoszmkcnkawzu.woff2]
[websitedemos.net/bestselling-author-02/wp-content/uploads/sites/773/elementor/google-fonts/fonts/roboto-kfo5cnqeu92fr1mu53zec9_vu3r1gihoszmkbxkawzu.woff2]
[websitedemos.net/bestselling-author-02/wp-content/uploads/sites/773/elementor/google-fonts/fonts/roboto-kfo5cnqeu92fr1mu53zec9_vu3r1gihoszmkenkawzu.woff2]
[websitedemos.net/bestselling-author-02/wp-content/uploads/sites/773/elementor/google-fonts/fonts/roboto-kfo5cnqeu92fr1mu53zec9_vu3r1gihoszmkahkawzu.woff2]
[websitedemos.net/bestselling-author-02/wp-content/uploads/sites/773/elementor/google-fonts/fonts/roboto-kfo5cnqeu92fr1mu53zec9_vu3r1gihoszmkcxkawzu.woff2]
[websitedemos.net/bestselling-author-02/wp-content/uploads/sites/773/elementor/google-fonts/fonts/roboto-kfo5cnqeu92fr1mu53zec9_vu3r1gihoszmkchkawzu.woff2]
[websitedemos.net/bestselling-author-02/wp-content/uploads/sites/773/elementor/google-fonts/fonts/roboto-kfo5cnqeu92fr1mu53zec9_vu3r1gihoszmkbnka.woff2]
[websitedemos.net/bestselling-author-02/wp-content/uploads/sites/773/elementor/google-fonts/fonts/roboto-kfo7cnqeu92fr1me7ksn66agldtyluama3gubgee.woff2]
[websitedemos.net/bestselling-author-02/wp-content/uploads/sites/773/elementor/google-fonts/fonts/roboto-kfo7cnqeu92fr1me7ksn66agldtyluama3iubgee.woff2]
[websitedemos.net/bestselling-author-02/wp-content/uploads/sites/773/elementor/google-fonts/fonts/roboto-kfo7cnqeu92fr1me7ksn66agldtyluama3cubgee.woff2]
[websitedemos.net/bestselling-author-02/wp-content/uploads/sites/773/elementor/google-fonts/fonts/roboto-kfo7cnqeu92fr1me7ksn66agldtyluama3-ubgee.woff2]
[websitedemos.net/bestselling-author-02/wp-content/uploads/sites/773/elementor/google-fonts/fonts/roboto-kfo7cnqeu92fr1me7ksn66agldtyluamawcubgee.woff2]
[websitedemos.net/bestselling-author-02/wp-content/uploads/sites/773/elementor/google-fonts/fonts/roboto-kfo7cnqeu92fr1me7ksn66agldtyluamaxkubgee.woff2]
[websitedemos.net/bestselling-author-02/wp-content/uploads/sites/773/elementor/google-fonts/fonts/roboto-kfo7cnqeu92fr1me7ksn66agldtyluama3oubgee.woff2]
[websitedemos.net/bestselling-author-02/wp-content/uploads/sites/773/elementor/google-fonts/fonts/roboto-kfo7cnqeu92fr1me7ksn66agldtyluama3kubgee.woff2]
[websitedemos.net/bestselling-author-02/wp-content/uploads/sites/773/elementor/google-fonts/fonts/roboto-kfo7cnqeu92fr1me7ksn66agldtyluama3yuba.woff2]
[websitedemos.net/bestselling-author-02/wp-content/uploads/sites/773/elementor/google-fonts/css/roboto7f2d.css]
[websitedemos.net/bestselling-author-02/wp-content/uploads/sites/773/elementor/google-fonts/fonts/robotoslab-bngmuxzytxpivibgjjsb6ufa5qw54a.woff2]
[websitedemos.net/bestselling-author-02/wp-content/uploads/sites/773/elementor/google-fonts/fonts/robotoslab-bngmuxzytxpivibgjjsb6ufj5qw54a.woff2]
[websitedemos.net/bestselling-author-02/wp-content/uploads/sites/773/elementor/google-fonts/fonts/robotoslab-bngmuxzytxpivibgjjsb6ufb5qw54a.woff2]
[websitedemos.net/bestselling-author-02/wp-content/uploads/sites/773/elementor/google-fonts/fonts/robotoslab-bngmuxzytxpivibgjjsb6ufo5qw54a.woff2]
[websitedemos.net/bestselling-author-02/wp-content/uploads/sites/773/elementor/google-fonts/fonts/robotoslab-bngmuxzytxpivibgjjsb6ufc5qw54a.woff2]
[websitedemos.net/bestselling-author-02/wp-content/uploads/sites/773/elementor/google-fonts/fonts/robotoslab-bngmuxzytxpivibgjjsb6ufd5qw54a.woff2]
[websitedemos.net/bestselling-author-02/wp-content/uploads/sites/773/elementor/google-fonts/fonts/robotoslab-bngmuxzytxpivibgjjsb6ufn5qu.woff2]
[websitedemos.net/bestselling-author-02/wp-content/uploads/sites/773/elementor/google-fonts/css/robotoslab4eef.css]
[websitedemos.net/bestselling-author-02/wp-content/uploads/sites/773/elementor/google-fonts/fonts/dmserifdisplay-nfhohm81r4j6k0gjaw3mujvu2b2g_vb3vd212k.woff2]
[websitedemos.net/bestselling-author-02/wp-content/uploads/sites/773/elementor/google-fonts/fonts/dmserifdisplay-nfhohm81r4j6k0gjaw3mujvu2b2g_vb0pd2.woff2]
[websitedemos.net/bestselling-author-02/wp-content/uploads/sites/773/elementor/google-fonts/fonts/dmserifdisplay-nfnohm81r4j6k0gjaw3mujvu2b2g_5x0ujy.woff2]
[websitedemos.net/bestselling-author-02/wp-content/uploads/sites/773/elementor/google-fonts/css/dmserifdisplay2b01.css]
[websitedemos.net/bestselling-author-02/wp-content/uploads/sites/773/elementor/google-fonts/fonts/dmserifdisplay-nfnohm81r4j6k0gjaw3mujvu2b2g_bx0g.woff2]
[websitedemos.net/bestselling-author-02/wp-content/plugins/elementor/assets/lib/font-awesome/css/fontawesome.min52d5.css]
[websitedemos.net/bestselling-author-02/wp-content/plugins/elementor/assets/lib/font-awesome/css/solid.min52d5.css]
[websitedemos.net/bestselling-author-02/xmlrpc0db0.html]
[www.googletagmanager.com/gtm5445.html]
[websitedemos.net/bestselling-author-02/wp-content/uploads/sites/773/2021/02/site-logo-black.svg]
[websitedemos.net/bestselling-author-02/wp-content/plugins/elementor/assets/css/widget-icon-list.min20c8.css]
[websitedemos.net/bestselling-author-02/wp-content/plugins/elementor/assets/lib/animations/styles/e-animation-grow.min20c8.css]
[websitedemos.net/bestselling-author-02/wp-content/uploads/sites/773/elementor/css/post-581fba3.css]
[websitedemos.net/bestselling-author-02/wp-json/wp/v2/pages/581.json]
[websitedemos.net/bestselling-author-02/wp-json/oembed/1.0/embed4f5c.json]
[websitedemos.net/bestselling-author-02/wp-json/oembed/1.0/embed8036]
[websitedemos.net/bestselling-author-02/about/index.html]
[websitedemos.net/bestselling-author-02/wp-content/uploads/sites/773/2021/02/signature-gold.svg]
[websitedemos.net/bestselling-author-02/wp-content/uploads/sites/773/elementor/css/post-691cc6b.css]
[websitedemos.net/bestselling-author-02/wp-json/wp/v2/pages/691.json]
[websitedemos.net/bestselling-author-02/wp-json/oembed/1.0/embedc3ca.json]
[websitedemos.net/bestselling-author-02/books/index.html]
[websitedemos.net/bestselling-author-02/wp-json/oembed/1.0/embed9f94]
[websitedemos.net/bestselling-author-02/wp-content/plugins/elementor/assets/css/widget-social-icons.min20c8.css]
[websitedemos.net/bestselling-author-02/wp-content/plugins/elementor/assets/css/conditionals/apple-webkit.min20c8.css]
[websitedemos.net/bestselling-author-02/wp-content/uploads/sites/773/elementor/css/post-7548d38.css]
[websitedemos.net/bestselling-author-02/wp-content/plugins/elementor/assets/lib/font-awesome/css/brands.min52d5.css]
[websitedemos.net/bestselling-author-02/wp-json/wp/v2/pages/754.json]
[websitedemos.net/bestselling-author-02/wp-json/oembed/1.0/embede623.json]
[websitedemos.net/bestselling-author-02/wp-json/oembed/1.0/embedc5e0]
[websitedemos.net/bestselling-author-02/contact/index.html]
[websitedemos.net/bestselling-author-02/wp-content/uploads/sites/773/2021/02/logo-3.svg]
[websitedemos.net/bestselling-author-02/wp-content/uploads/sites/773/2021/02/logo-1.svg]
[websitedemos.net/bestselling-author-02/wp-content/uploads/sites/773/2021/02/logo-5.svg]
[websitedemos.net/bestselling-author-02/wp-content/uploads/sites/773/2021/02/badge-3.svg]
[websitedemos.net/bestselling-author-02/wp-content/uploads/sites/773/2021/02/badge-2.svg]
[websitedemos.net/bestselling-author-02/wp-content/uploads/sites/773/2021/02/badge-1.svg]
[websitedemos.net/bestselling-author-02/wp-content/uploads/sites/773/2021/02/signature.svg]
[websitedemos.net/cdn-cgi/scripts/5c5dd728/cloudflare-static/email-decode.min.js]
[websitedemos.net/bestselling-author-02/wp-content/plugins/wpforms-lite/assets/pro/images/times-solid-white.svg]
[websitedemos.net/bestselling-author-02/wp-content/plugins/wpforms-lite/assets/css/frontend/classic/wpforms-base.mine4b2.css]
[websitedemos.net/bestselling-author-02/wp-content/plugins/elementor/assets/lib/eicons/fonts/eicons7241.svg]
[websitedemos.net/bestselling-author-02/wp-content/plugins/elementor/assets/lib/font-awesome/webfonts/fa-brands-400.svg]
[websitedemos.net/bestselling-author-02/wp-content/plugins/elementor/assets/lib/font-awesome/webfonts/fa-solid-900.svg]
[websitedemos.net/bestselling-author-02/wp-content/plugins/elementor/assets/css/widget-icon-list.min20c8.css]
[websitedemos.net/bestselling-author-02/wp-content/plugins/elementor/assets/lib/animations/styles/e-animation-grow.min20c8.css]
[websitedemos.net/bestselling-author-02/wp-content/uploads/sites/773/elementor/css/post-581fba3.css]
[websitedemos.net/bestselling-author-02/index84df.html]
[websitedemos.net/bestselling-author-02/wp-content/uploads/sites/773/2021/02/signature-gold.svg]
[websitedemos.net/bestselling-author-02/wp-content/uploads/sites/773/elementor/css/post-691cc6b.css]
[websitedemos.net/bestselling-author-02/index2025.html]
[websitedemos.net/bestselling-author-02/wp-content/plugins/elementor/assets/css/widget-social-icons.min20c8.css]
[websitedemos.net/bestselling-author-02/wp-content/plugins/elementor/assets/css/conditionals/apple-webkit.min20c8.css]
[websitedemos.net/bestselling-author-02/wp-content/uploads/sites/773/elementor/css/post-7548d38.css]
[websitedemos.net/bestselling-author-02/wp-content/plugins/elementor/assets/lib/font-awesome/css/brands.min52d5.css]
[websitedemos.net/bestselling-author-02/index62bc.html]
[websitedemos.net/bestselling-author-02/wp-content/plugins/wpforms-lite/assets/pro/images/times-solid-white.html]
